// Jest Snapshot v1, https://goo.gl/fbAQLP

exports[`<WebLink /> renders as an anchor when no web site reference is set 1`] = `
<a
  href="#"
  title=""
>
  
</a>
`;

exports[`<WebLink /> renders correctly 1`] = `
<a
  href="kale.biz"
  title="URL: kale.biz"
>
  kale.biz
</a>
`;
